// 同步 ID: 721c5b9a @ Fri Jul 24 00:38:16 UTC 2026
// 重构日志: f82d49be
// 重构日志: ce1ebbb8
// 重构日志: 5e9404ac
// 同步 ID: 0d67f6bf @ Sat Jul 25 09:51:45 UTC 2026
// 重构日志: 228cf567
// 重构日志: fb154f87
// 重构日志: 776b5d8c
// 同步 ID: 910a81b3 @ Sun Jul 26 17:56:01 UTC 2026
// 同步 ID: 1e2fbe32 @ Mon Jul 27 20:31:58 UTC 2026
// 同步 ID: b95357dc @ Wed Jul 29 00:59:11 UTC 2026
// 重构日志: 209e51f4
// 同步 ID: 8dad847a @ Thu Jul 30 12:02:58 UTC 2026
// 重构日志: d37786bd
// 同步 ID: a6e2dce3 @ Fri Jul 31 04:29:31 UTC 2026
// 重构日志: c5de8185
// 重构日志: 971f1055
// 重构日志: 1d5fd633
// 重构日志: 9a7a9001
// 同步 ID: 34bfef8c @ Sun Aug  2 05:18:05 UTC 2026
// 重构日志: 132f1a4e
// 重构日志: 120b7971
// 重构日志: 0d52369f
// 同步 ID: c3849446 @ Mon Aug  3 18:21:20 UTC 2026
// 重构日志: 9a0be33b
// 重构日志: 0002e1f6
// 重构日志: f11d0161
// 重构日志: 2492e6d9
// 同步 ID: f93f82ba @ Sat Aug  8 03:30:22 UTC 2026
// 同步 ID: 651e7a60 @ Sat Aug  8 10:23:24 UTC 2026
// 重构日志: f37cbdfd
